// Jest Snapshot v1, https://goo.gl/fbAQLP

exports[`hides password quality by default 1`] = `
<div
  style={
    Object {
      "marginBottom": 16,
    }
  }
>
  <label>
    Password
     
    <span
      style={
        Object {
          "color": "red",
        }
      }
    >
      *
    </span>
  </label>
  <input
    id="test"
    maxLength={50}
    name="test"
    onChange={[Function]}
    placeholder={undefined}
    style={undefined}
    type="password"
    value="Aubdz15#aA"
  />
</div>
`;
